// Jest Snapshot v1, https://goo.gl/fbAQLP

exports[`GameContainer gameContainer Component should match the snapshot 1`] = `
<Fragment>
  <div
    className="game-container"
  >
    <section
      className="section-team"
    >
      <h2>
        Team Name
      </h2>
      <h4>
        Skill Level
      </h4>
      <label>
        Center:
      </label>
      <select>
        <option />
      </select>
      <label>
        Guard:
      </label>
      <select>
        <option />
      </select>
      <label>
        Guard:
      </label>
      <select>
        <option />
      </select>
      <label>
        Forward:
      </label>
      <select>
        <option />
      </select>
      <label>
        Forward:
      </label>
      <select>
        <option />
      </select>
    </section>
    <section
      className="section-team"
    >
      <h2>
        Team Name
      </h2>
      <h4>
        Skill Level
      </h4>
      <label>
        Center:
      </label>
      <select>
        <option />
      </select>
      <label>
        Guard:
      </label>
      <select>
        <option />
      </select>
      <label>
        Guard:
      </label>
      <select>
        <option />
      </select>
      <label>
        Forward:
      </label>
      <select>
        <option />
      </select>
      <label>
        Forward:
      </label>
      <select>
        <option />
      </select>
    </section>
  </div>
  <button
    className="btn-stats"
  >
    Get Stats
  </button>
</Fragment>
`;
