// Jest Snapshot v1, https://goo.gl/fbAQLP

exports[`Nav Nav Component should match the snapshot 1`] = `
<div>
  <nav>
    <h1>
      NBA IS
      <img
        className="img-bball"
        src="basketball.png"
      />
      -Challenge
    </h1>
    <div
      className="btn-div"
    >
      <Link
        to="/rules"
      >
        <button
          className="btn"
        >
          Rules Expert
        </button>
      </Link>
      <Link
        to="/"
      >
        <button
          className="btn"
        >
          Home
        </button>
      </Link>
    </div>
  </nav>
</div>
`;
