// Jest Snapshot v1, https://goo.gl/fbAQLP

exports[`Rules Rules Component should match the snapshot 1`] = `
<article>
  <h2>
    Iso-Challenge Rules and Regulations
  </h2>
  <ul>
    <li>
      Choose a team name & skill level
    </li>
    <li>
      Choose a player for each position from the list
    </li>
    <li>
      Draft style: a player can only appear on one team
    </li>
    <li>
      Click submit when both teams are full
    </li>
    <li>
      Iso-Challenge will unlock all game stats for your players
    </li>
    <li>
      Argue away ay which team has the better stats
    </li>
    <li>
      NO FIGHTING
    </li>
  </ul>
</article>
`;
