// Jest Snapshot v1, https://goo.gl/fbAQLP

exports[`Error Error Component should match the snapshot 1`] = `
<section
  className="section-error"
>
  <div
    className="p-error-container"
  >
    <h3
      className="header-error"
    >
      Error!!
    </h3>
    <p
      className="p-error"
    >
      *All fields must be filled out to login*
    </p>
  </div>
  <button
    className="button-error"
    onClick={[Function]}
  >
    Back To Home
  </button>
</section>
`;
