// Jest Snapshot v1, https://goo.gl/fbAQLP

exports[`App App Component should match the snapshot 1`] = `
<body>
  <Route
    exact={true}
    path="/"
    render={[Function]}
  />
  <Route
    path="/rules"
    render={[Function]}
  />
  <Route
    path="/game"
    render={[Function]}
  />
  <Route
    path="/score"
    render={[Function]}
  />
</body>
`;
